// Jest Snapshot v1, https://goo.gl/fbAQLP

exports[`test2 1`] = `
"console.log('a');
console.log('b');
console.log('c');"
`;
